A51 MACRO ASSEMBLER  MAIN                                                                 06/04/2018 22:58:03 PAGE     1


MACRO ASSEMBLER A51 V8.2.7.0
OBJECT MODULE PLACED IN .\Objects\main.obj
ASSEMBLER INVOKED BY: C:\Keil_v5\C51\BIN\A51.EXE main.a51 SET(SMALL) DEBUG PRINT(.\Listings\main.lst) OBJECT(.\Objects\m
                      ain.obj) EP

LOC  OBJ            LINE     SOURCE

0000                   1             org 0h
0000 020030            2             ljmp begin
                       3             
001B                   4             org 001Bh
001B 11ED              5             call isr
001D 32                6             reti
                       7             
0030                   8             org 30h
0030                   9     begin:
0030 C2AF             10             clr ea
0032 C28E             11             clr tr1
0034 758911           12             mov TMOD, #00010001b
0037 758841           13             mov TCON, #01000001b
003A D2AF             14             setb ea
003C D2AB             15             setb et1
003E D28E             16             setb tr1
                      17     
                      18     
0040                  19     poll_kb:
0040 909006           20             mov dptr, #09006h ;first row
0043 E0               21             movx a, @dptr
0044 FA               22             mov r2, a
0045 11E4             23             call test
0047 6006             24             jz row2
0049 11D4             25             call debounce
004B 11E4             26             call test
004D 7020             27             jnz det_but_1
                      28             
004F                  29     row2:
004F 909005           30             mov dptr, #09005h
0052 E0               31             movx a, @dptr
0053 FA               32             mov r2, a
0054 11E4             33             call test
0056 6006             34             jz row3
0058 11D4             35             call debounce
005A 11E4             36             call test
005C 7030             37             jnz det_but_2
                      38             
005E                  39     row3:
005E 909003           40             mov dptr, #09003h
0061 E0               41             movx a, @dptr
0062 FA               42             mov r2, a
0063 11E4             43             call test
0065 60D9             44             jz poll_kb
0067 11D4             45             call debounce
0069 11E4             46             call test
006B 7040             47             jnz det_but_3
006D 80D1             48             jmp poll_kb
                      49     
006F                  50     det_but_1:
006F EA               51             mov a, r2
                      52     
0070                  53     key1:
0070 B4FE04           54             cjne a, #0FEh, key4
0073 7F06             55             mov r7, #06h
0075 11CC             56             call out
                      57             
A51 MACRO ASSEMBLER  MAIN                                                                 06/04/2018 22:58:03 PAGE     2

0077                  58     key4:
0077 B4FD04           59             cjne a, #0FDh, key7
007A 7F66             60             mov r7, #66h
007C 11CC             61             call out
                      62             
007E                  63     key7:
007E B4FB04           64             cjne a, #0FBh, key_star
0081 7F07             65             mov r7, #07h
0083 11CC             66             call out
                      67     
0085                  68     key_star:
0085 B4F7C7           69             cjne a, #0F7h, row2
0088 7F71             70             mov r7, #71h
008A 11CC             71             call out
008C 80B2             72             jmp poll_kb
                      73     
008E                  74     det_but_2:
008E EA               75             mov a, r2
                      76     
008F                  77     key2:
008F B4FE04           78             cjne a, #0FEh, key5
0092 7F5B             79             mov r7, #5Bh
0094 11CC             80             call out
                      81             
0096                  82     key5:
0096 B4FD04           83             cjne a, #0FDh, key8
0099 7F6D             84             mov r7, #6Dh
009B 11CC             85             call out
                      86             
009D                  87     key8:
009D B4FB04           88             cjne a, #0FBh, key0
00A0 7F7F             89             mov r7, #7Fh
00A2 11CC             90             call out
                      91     
00A4                  92     key0:
00A4 B4F7A8           93             cjne a, #0F7h, row2
00A7 7F3F             94             mov r7, #3Fh
00A9 11CC             95             call out
00AB 8093             96             jmp poll_kb
                      97     
00AD                  98     det_but_3:
00AD EA               99             mov a, r2
                     100     
00AE                 101     key3:
00AE B4FE04          102             cjne a, #0FEh, key6
00B1 7F4F            103             mov r7, #4Fh
00B3 11CC            104             call out
                     105             
00B5                 106     key6:
00B5 B4FD04          107             cjne a, #0FDh, key9
00B8 7F7D            108             mov r7, #7Dh
00BA 11CC            109             call out
                     110             
00BC                 111     key9:
00BC B4FB04          112             cjne a, #0FBh, key_die
00BF 7F6F            113             mov r7, #6Fh
00C1 11CC            114             call out
                     115     
00C3                 116     key_die:
00C3 B4F724          117             cjne a, #0F7h, proxy_row_2
00C6 7F79            118             mov r7, #79h
00C8 11CC            119             call out
00CA 0140            120             jmp poll_kb
                     121     
00CC                 122     out:
00CC F9              123             mov r1, a
A51 MACRO ASSEMBLER  MAIN                                                                 06/04/2018 22:58:03 PAGE     3

00CD EF              124             mov a, r7
00CE 90A000          125             mov dptr, #0A000h
00D1 F0              126             movx @dptr, a
00D2 E9              127             mov a, r1
00D3 22              128             ret
                     129     
00D4                 130     debounce:
00D4 758CA0          131             mov TH0, #0A0h
00D7 758A00          132             mov TL0, #00h
00DA D28C            133             setb TR0
00DC                 134     wait:
00DC 308DFD          135             jnb TF0, wait
00DF C28C            136             clr TR0
00E1 C28D            137             clr TF0
00E3 22              138             ret
                     139             
00E4                 140     test:
00E4 44F0            141             orl a, #0F0h
00E6 F4              142             cpl a
00E7 22              143             ret
                     144             
00E8 8018            145             jmp finish
00EA                 146             proxy_row_2:
00EA 02004F          147             ljmp row2
                     148             
00ED                 149             isr:
00ED FD              150             mov r5, a
00EE EE              151             mov a, r6
00EF 6404            152             xrl a, #4h
00F1 7002            153             jnz not_equals
00F3 7E00            154             mov r6, #0h
00F5                 155             not_equals:
00F5 0E              156             inc r6
00F6 EE              157             mov a, r6
00F7 908002          158             mov dptr, #8002h
00FA F0              159             movx @dptr, a
00FB 908001          160             mov dptr, #8001h
00FE EF              161             mov a, r7
00FF F0              162             movx @dptr, a
0100 ED              163             mov a, r5
0101 22              164             ret
                     165             
0102                 166             finish: 
                     167     end
A51 MACRO ASSEMBLER  MAIN                                                                 06/04/2018 22:58:03 PAGE     4

SYMBOL TABLE LISTING
------ ----- -------


N A M E             T Y P E  V A L U E   ATTRIBUTES

BEGIN. . . . . . .  C ADDR   0030H   A   
DEBOUNCE . . . . .  C ADDR   00D4H   A   
DET_BUT_1. . . . .  C ADDR   006FH   A   
DET_BUT_2. . . . .  C ADDR   008EH   A   
DET_BUT_3. . . . .  C ADDR   00ADH   A   
EA . . . . . . . .  B ADDR   00A8H.7 A   
ET1. . . . . . . .  B ADDR   00A8H.3 A   
FINISH . . . . . .  C ADDR   0102H   A   
ISR. . . . . . . .  C ADDR   00EDH   A   
KEY0 . . . . . . .  C ADDR   00A4H   A   
KEY1 . . . . . . .  C ADDR   0070H   A   
KEY2 . . . . . . .  C ADDR   008FH   A   
KEY3 . . . . . . .  C ADDR   00AEH   A   
KEY4 . . . . . . .  C ADDR   0077H   A   
KEY5 . . . . . . .  C ADDR   0096H   A   
KEY6 . . . . . . .  C ADDR   00B5H   A   
KEY7 . . . . . . .  C ADDR   007EH   A   
KEY8 . . . . . . .  C ADDR   009DH   A   
KEY9 . . . . . . .  C ADDR   00BCH   A   
KEY_DIE. . . . . .  C ADDR   00C3H   A   
KEY_STAR . . . . .  C ADDR   0085H   A   
NOT_EQUALS . . . .  C ADDR   00F5H   A   
OUT. . . . . . . .  C ADDR   00CCH   A   
POLL_KB. . . . . .  C ADDR   0040H   A   
PROXY_ROW_2. . . .  C ADDR   00EAH   A   
ROW2 . . . . . . .  C ADDR   004FH   A   
ROW3 . . . . . . .  C ADDR   005EH   A   
TCON . . . . . . .  D ADDR   0088H   A   
TEST . . . . . . .  C ADDR   00E4H   A   
TF0. . . . . . . .  B ADDR   0088H.5 A   
TH0. . . . . . . .  D ADDR   008CH   A   
TL0. . . . . . . .  D ADDR   008AH   A   
TMOD . . . . . . .  D ADDR   0089H   A   
TR0. . . . . . . .  B ADDR   0088H.4 A   
TR1. . . . . . . .  B ADDR   0088H.6 A   
WAIT . . . . . . .  C ADDR   00DCH   A   


REGISTER BANK(S) USED: 0 


ASSEMBLY COMPLETE.  0 WARNING(S), 0 ERROR(S)
